../Core/Src/main.c:106:5:main	8	static
../Core/Src/main.c:160:6:SystemClock_Config	88	static
../Core/Src/main.c:206:13:MX_CAN1_Init	8	static
../Core/Src/main.c:255:13:MX_CAN2_Init	8	static
../Core/Src/main.c:304:13:MX_USART3_UART_Init	8	static
../Core/Src/main.c:337:13:MX_GPIO_Init	56	static
../Core/Src/main.c:479:6:MX_CAN1_Setup	8	static
../Core/Src/main.c:485:6:MX_CAN2_Setup	8	static
../Core/Src/main.c:492:6:USART3_SendString	16	static
../Core/Src/main.c:500:6:PrintCANLog	40	static
../Core/Src/main.c:529:6:HAL_UART_RxCpltCallback	16	static
../Core/Src/main.c:535:6:delay	16	static
../Core/Src/main.c:539:9:calc_SAE_J1850	24	static
../Core/Src/main.c:569:6:CAN_Tx	48	static
../Core/Src/main.c:606:6:HAL_CAN_RxFifo0MsgPendingCallback	80	static
../Core/Src/main.c:626:6:HAL_GPIO_EXTI_Callback	16	static
../Core/Src/main.c:658:6:Error_Handler	4	static,ignoring_inline_asm
